// Jest Snapshot v1, https://goo.gl/fbAQLP

exports[`Table Component should match snapshot and styles 1`] = `
<DocumentFragment>
  <div
    class="container"
    style="margin-top: 20px;"
  >
    <select
      aria-label="Select File"
      class="form-select"
      style="margin-bottom: 30px;"
    >
      <option
        value="all"
      >
        All files data
      </option>
    </select>
    <table
      class="table table-striped table-bordered table-hover"
    >
      <thead>
        <tr>
          <th>
            FileName
          </th>
          <th>
            Text
          </th>
          <th>
            Number
          </th>
          <th>
            Hex
          </th>
        </tr>
      </thead>
      <tbody />
    </table>
  </div>
</DocumentFragment>
`;
